{
  "sdk-version": "shadowing 1_1",
  "name": "from 2_0"
}
